>> "             beta -> beta;" : list char
Hello world
